{'__annotations__': {},
 '__builtins__': <module 'builtins' (built-in)>,
 '__cached__': None,
 '__doc__': None,
 '__file__': '/sd4ds/test/globals.py',
 '__loader__': <_frozen_importlib_external.SourceFileLoader object \
at 0x10b26a510>,
 '__name__': '__main__',
 '__package__': None,
 '__spec__': None,
 'pprint': <module 'pprint' from \
'/Users/gregwilson/conda/envs/mccole/lib/python3.11/pprint.py'>}
