local values {'some_parameter': 'hello', 'some_variable': 'hellohello'}
