test_sign_negative <function test_sign_negative at 0x1028194e0>
test_sign_positive <function test_sign_positive at 0x102819580>
test_sign_zero <function test_sign_zero at 0x102819620>
test_sign_error <function test_sign_error at 0x1028196c0>
