{'__name__': '__main__', '__doc__': None, '__package__': None, \
'__loader__': <_frozen_importlib_external.SourceFileLoader object at \
0x7f95f8194df0>, '__spec__': None, '__annotations__': {}, \
'__builtins__': <module 'builtins' (built-in)>, '__file__': \
'/sd4ds/test/globals_plus.py', '__cached__': None, 'my_variable': 123}
